19:39:37 **** Incremental Build of configuration Debug for project lineFollower ****
make -j4 all 
arm-none-eabi-gcc "../Core/Src/main.c" -mcpu=cortex-m7 -std=gnu11 -g3 -DDEBUG -DUSE_HAL_DRIVER -DSTM32F767xx -c -I../Core/Inc -I../Drivers/STM32F7xx_HAL_Driver/Inc -I../Drivers/STM32F7xx_HAL_Driver/Inc/Legacy -I../Drivers/CMSIS/Device/ST/STM32F7xx/Include -I../Drivers/CMSIS/Include -O0 -ffunction-sections -fdata-sections -Wall -fstack-usage -MMD -MP -MF"Core/Src/main.d" -MT"Core/Src/main.o" --specs=nano.specs -mfpu=fpv5-d16 -mfloat-abi=hard -mthumb -o "Core/Src/main.o"
arm-none-eabi-gcc -o "lineFollower.elf" @"objects.list"   -mcpu=cortex-m7 -T"C:\Users\user\Desktop\DWR-19\04Code\SeguidorLinha\lineFollower\STM32F767ZITX_FLASH.ld" --specs=nosys.specs -Wl,-Map="lineFollower.map" -Wl,--gc-sections -static --specs=nano.specs -mfpu=fpv5-d16 -mfloat-abi=hard -mthumb -u _printf_float -Wl,--start-group -lc -lm -Wl,--end-group
Finished building target: lineFollower.elf
 
arm-none-eabi-objdump -h -S  lineFollower.elf  > "lineFollower.list"
arm-none-eabi-objcopy  -O binary  lineFollower.elf  "lineFollower.bin"
arm-none-eabi-size   lineFollower.elf 
   text	   data	    bss	    dec	    hex	filename
  35748	    484	   2212	  38444	   962c	lineFollower.elf
Finished building: default.size.stdout
 
Finished building: lineFollower.bin
 
Finished building: lineFollower.list
 

19:39:39 Build Finished. 0 errors, 0 warnings. (took 1s.944ms)

